// Jest Snapshot v1, https://goo.gl/fbAQLP

exports[`SignInPage should match snapshot 1`] = `
<div>
  <h1>SignInPage</h1>
</div>
`;
