// Jest Snapshot v1, https://goo.gl/fbAQLP

exports[`SignUpPage should match snapshot 1`] = `
<div>
  <h1>SignUpPage</h1>
</div>
`;
