// Jest Snapshot v1, https://goo.gl/fbAQLP

exports[`SignOutPage should match snapshot 1`] = `
<div>
  <h1>SignOut</h1>
</div>
`;
