// Jest Snapshot v1, https://goo.gl/fbAQLP

exports[`DefaultLayout should match snapshot 1`] = `
<div class="wrapper">
  <nuxt-stub></nuxt-stub>
</div>
`;
